C:\Program Files\Pauscal\Editor\Lib\Librerias\ConstIpaError.bdp
C:\Program Files\Pauscal\Editor\Lib\Librerias\Constantes.bdp
C:\Program Files\Pauscal\Editor\Lib\Librerias\Estructuras.bdp
C:\Program Files\Pauscal\Editor\Lib\Librerias\Apis.bdp
C:\Program Files\Pauscal\Editor\Lib\Librerias\Memoria.bdp
C:\Program Files\Pauscal\Editor\Lib\Librerias\Cadena.bdp
C:\Program Files\Pauscal\Editor\Lib\Librerias\PscTooltip.bdp
C:\Program Files\Pauscal\Editor\Lib\Librerias\Convertir.bdp
C:\Program Files\Pauscal\Editor\Lib\Librerias\AutoIT.bdp
C:\Program Files\Pauscal\Editor\Lib\Librerias\Utiles.bdp
C:\Program Files\Pauscal\Editor\Lib\Librerias\Matrices.bdp
C:\Program Files\Pauscal\Editor\Lib\Librerias\Regex.bdp
C:\Program Files\Pauscal\Editor\Lib\Librerias\Procesos.bdp
C:\Program Files\Pauscal\Editor\Lib\Librerias\Pantalla.bdp
C:\Program Files\Pauscal\Editor\Lib\Librerias\Graficos.bdp
C:\Program Files\Pauscal\Editor\Lib\Librerias\WinCtrls.bdp
C:\Program Files\Pauscal\Editor\Lib\Librerias\Win.bdp
C:\Program Files\Pauscal\Editor\Lib\Librerias\PscBoton.bdp
C:\Program Files\Pauscal\Editor\Lib\Librerias\PscCajaCombo.bdp
C:\Program Files\Pauscal\Editor\Lib\Librerias\PscCajaLista.bdp
C:\Program Files\Pauscal\Editor\Lib\Librerias\PscCajaTexto.bdp
C:\Program Files\Pauscal\Editor\Lib\Librerias\PscEtiqueta.bdp
C:\Program Files\Pauscal\Editor\Lib\Librerias\PscTemporizador.bdp
C:\Program Files\Pauscal\Editor\Lib\Librerias\pscImagen.bdp
C:\Program Files\Pauscal\Editor\Lib\Librerias\PscGUI.bdp
C:\Program Files\Pauscal\Editor\Lib\Librerias\Registros.bdp
C:\Program Files\Pauscal\Editor\Lib\Librerias\Fechas.bdp
C:\Program Files\Pauscal\Editor\Lib\Librerias\Rnd.bdp
C:\Program Files\Pauscal\Editor\Lib\Librerias\Sockets.bdp
C:\Program Files\Pauscal\Editor\Lib\Librerias\Temporizador.bdp
C:\Program Files\Pauscal\Editor\Lib\Librerias\Macros.bdp
C:\Program Files\Pauscal\Editor\Lib\Librerias\Archivos.bdp
C:\Program Files\Pauscal\Editor\Lib\Librerias\AutoWindows.bdp
C:\Program Files\Pauscal\Editor\Lib\Librerias\Dos.bdp
C:\Program Files\Pauscal\Editor\Lib\Librerias\BrainFuck.bdp
C:\Program Files\Pauscal\Editor\Lib\Librerias\Búsqueda.bdp
C:\Program Files\Pauscal\Editor\Lib\Librerias\Encriptar.bdp
C:\Program Files\Pauscal\Editor\Lib\Librerias\FTP.bdp
C:\Program Files\Pauscal\Editor\Lib\Librerias\INI.bdp
C:\Program Files\Pauscal\Editor\Lib\Librerias\Instancias.bdp
C:\Program Files\Pauscal\Editor\Lib\Librerias\Multimedia.bdp
C:\Program Files\Pauscal\Editor\Lib\Librerias\MySQL.bdp
C:\Program Files\Pauscal\Editor\Lib\Librerias\Teclado.bdp
C:\Program Files\Pauscal\Editor\Lib\Librerias\Pauscal.bdp
C:\Program Files\Pauscal\Editor\Lib\Librerias\PauscalW.bdp
